<!doctype html>
<html lang="en">
<head>
    <title>Code coverage report for frontend/components/joso/__snapshots__/joso.test.js.snap</title>
    <meta charset="utf-8" />
    <link rel="stylesheet" href="../../../../prettify.css" />
    <link rel="stylesheet" href="../../../../base.css" />
    <meta name="viewport" content="width=device-width, initial-scale=1">
    <style type='text/css'>
        .coverage-summary .sorter {
            background-image: url(../../../../sort-arrow-sprite.png);
        }
    </style>
</head>
<body>
<div class='wrapper'>
  <div class='pad1'>
    <h1>
      <a href="../../../../index.html">All files</a> / <a href="index.html">frontend/components/joso/__snapshots__</a> joso.test.js.snap
    </h1>
    <div class='clearfix'>
      <div class='fl pad1y space-right2'>
        <span class="strong">0% </span>
        <span class="quiet">Statements</span>
        <span class='fraction'>0/1</span>
      </div>
      <div class='fl pad1y space-right2'>
        <span class="strong">100% </span>
        <span class="quiet">Branches</span>
        <span class='fraction'>0/0</span>
      </div>
      <div class='fl pad1y space-right2'>
        <span class="strong">100% </span>
        <span class="quiet">Functions</span>
        <span class='fraction'>0/0</span>
      </div>
      <div class='fl pad1y space-right2'>
        <span class="strong">0% </span>
        <span class="quiet">Lines</span>
        <span class='fraction'>0/1</span>
      </div>
    </div>
  </div>
  <div class='status-line low'></div>
<pre><table class="coverage">
<tr><td class="line-count quiet">1
2
3
4
5
6
7
8
9
10
11
12
13
14
15
16
17
18
19
20
21
22
23
24
25
26
27
28
29
30
31
32
33
34
35
36
37
38
39
40
41
42
43
44
45
46
47
48
49
50
51
52
53
54
55
56
57
58
59
60
61
62
63
64
65
66
67
68
69
70
71
72
73
74
75</td><td class="line-coverage quiet"><span class="cline-any cline-neutral">&nbsp;</span>
<span class="cline-any cline-neutral">&nbsp;</span>
<span class="cline-any cline-no">&nbsp;</span>
<span class="cline-any cline-neutral">&nbsp;</span>
<span class="cline-any cline-neutral">&nbsp;</span>
<span class="cline-any cline-neutral">&nbsp;</span>
<span class="cline-any cline-neutral">&nbsp;</span>
<span class="cline-any cline-neutral">&nbsp;</span>
<span class="cline-any cline-neutral">&nbsp;</span>
<span class="cline-any cline-neutral">&nbsp;</span>
<span class="cline-any cline-neutral">&nbsp;</span>
<span class="cline-any cline-neutral">&nbsp;</span>
<span class="cline-any cline-neutral">&nbsp;</span>
<span class="cline-any cline-neutral">&nbsp;</span>
<span class="cline-any cline-neutral">&nbsp;</span>
<span class="cline-any cline-neutral">&nbsp;</span>
<span class="cline-any cline-neutral">&nbsp;</span>
<span class="cline-any cline-neutral">&nbsp;</span>
<span class="cline-any cline-neutral">&nbsp;</span>
<span class="cline-any cline-neutral">&nbsp;</span>
<span class="cline-any cline-neutral">&nbsp;</span>
<span class="cline-any cline-neutral">&nbsp;</span>
<span class="cline-any cline-neutral">&nbsp;</span>
<span class="cline-any cline-neutral">&nbsp;</span>
<span class="cline-any cline-neutral">&nbsp;</span>
<span class="cline-any cline-neutral">&nbsp;</span>
<span class="cline-any cline-neutral">&nbsp;</span>
<span class="cline-any cline-neutral">&nbsp;</span>
<span class="cline-any cline-neutral">&nbsp;</span>
<span class="cline-any cline-neutral">&nbsp;</span>
<span class="cline-any cline-neutral">&nbsp;</span>
<span class="cline-any cline-neutral">&nbsp;</span>
<span class="cline-any cline-neutral">&nbsp;</span>
<span class="cline-any cline-neutral">&nbsp;</span>
<span class="cline-any cline-neutral">&nbsp;</span>
<span class="cline-any cline-neutral">&nbsp;</span>
<span class="cline-any cline-neutral">&nbsp;</span>
<span class="cline-any cline-neutral">&nbsp;</span>
<span class="cline-any cline-neutral">&nbsp;</span>
<span class="cline-any cline-neutral">&nbsp;</span>
<span class="cline-any cline-neutral">&nbsp;</span>
<span class="cline-any cline-neutral">&nbsp;</span>
<span class="cline-any cline-neutral">&nbsp;</span>
<span class="cline-any cline-neutral">&nbsp;</span>
<span class="cline-any cline-neutral">&nbsp;</span>
<span class="cline-any cline-neutral">&nbsp;</span>
<span class="cline-any cline-neutral">&nbsp;</span>
<span class="cline-any cline-neutral">&nbsp;</span>
<span class="cline-any cline-neutral">&nbsp;</span>
<span class="cline-any cline-neutral">&nbsp;</span>
<span class="cline-any cline-neutral">&nbsp;</span>
<span class="cline-any cline-neutral">&nbsp;</span>
<span class="cline-any cline-neutral">&nbsp;</span>
<span class="cline-any cline-neutral">&nbsp;</span>
<span class="cline-any cline-neutral">&nbsp;</span>
<span class="cline-any cline-neutral">&nbsp;</span>
<span class="cline-any cline-neutral">&nbsp;</span>
<span class="cline-any cline-neutral">&nbsp;</span>
<span class="cline-any cline-neutral">&nbsp;</span>
<span class="cline-any cline-neutral">&nbsp;</span>
<span class="cline-any cline-neutral">&nbsp;</span>
<span class="cline-any cline-neutral">&nbsp;</span>
<span class="cline-any cline-neutral">&nbsp;</span>
<span class="cline-any cline-neutral">&nbsp;</span>
<span class="cline-any cline-neutral">&nbsp;</span>
<span class="cline-any cline-neutral">&nbsp;</span>
<span class="cline-any cline-neutral">&nbsp;</span>
<span class="cline-any cline-neutral">&nbsp;</span>
<span class="cline-any cline-neutral">&nbsp;</span>
<span class="cline-any cline-neutral">&nbsp;</span>
<span class="cline-any cline-neutral">&nbsp;</span>
<span class="cline-any cline-neutral">&nbsp;</span>
<span class="cline-any cline-neutral">&nbsp;</span>
<span class="cline-any cline-neutral">&nbsp;</span>
<span class="cline-any cline-neutral">&nbsp;</span></td><td class="text"><pre class="prettyprint lang-js">// Jest Snapshot v1, https://goo.gl/fbAQLP
&nbsp;
<span class="cstat-no" title="statement not covered" >exports[`Joso component should render as expected Renders the Joso correctly 1`] = `</span>
&lt;MemoryRouter&gt;
  &lt;Router
    history={
      Object {
        "action": "POP",
        "block": [Function],
        "canGo": [Function],
        "createHref": [Function],
        "entries": Array [
          Object {
            "hash": "",
            "key": "0s5v0l",
            "pathname": "/",
            "search": "",
            "state": undefined,
          },
        ],
        "go": [Function],
        "goBack": [Function],
        "goForward": [Function],
        "index": 0,
        "length": 1,
        "listen": [Function],
        "location": Object {
          "hash": "",
          "key": "0s5v0l",
          "pathname": "/",
          "search": "",
          "state": undefined,
        },
        "push": [Function],
        "replace": [Function],
      }
    }
  &gt;
    &lt;Joso&gt;
      &lt;div&gt;
        &lt;div
          className="title is-size-2 has-text-weight-bold has-text-centered"
        &gt;
          When The Game Ends, The Lifestyle Begins
        &lt;/div&gt;
        &lt;div
          className="columns is-mobile"
        &gt;
          &lt;div
            className="column sc-joso is-two-thirds centered"
          &gt;
            &lt;iframe
              allow="autoplay"
              frameBorder="no"
              height="166"
              scrolling="no"
              src="https://w.soundcloud.com/player/?url=https%3A//api.soundcloud.com/tracks/392031732&amp;color=%23FFD046&amp;auto_play=false&amp;hide_related=false&amp;show_comments=false&amp;show_user=true&amp;show_reposts=false&amp;show_teaser=true"
              width="100%"
            /&gt;
            &lt;iframe
              allow="autoplay"
              frameBorder="no"
              height="166"
              scrolling="no"
              src="https://w.soundcloud.com/player/?url=https%3A//api.soundcloud.com/tracks/388488576&amp;color=%23FFD046&amp;auto_play=false&amp;hide_related=false&amp;show_comments=false&amp;show_user=true&amp;show_reposts=false&amp;show_teaser=true"
              width="100%"
            /&gt;
          &lt;/div&gt;
        &lt;/div&gt;
      &lt;/div&gt;
    &lt;/Joso&gt;
  &lt;/Router&gt;
&lt;/MemoryRouter&gt;
`;
&nbsp;</pre></td></tr>
</table></pre>
<div class='push'></div><!-- for sticky footer -->
</div><!-- /wrapper -->
<div class='footer quiet pad2 space-top1 center small'>
  Code coverage
  generated by <a href="https://istanbul.js.org/" target="_blank">istanbul</a> at Thu Feb 08 2018 16:38:07 GMT-0500 (EST)
</div>
</div>
<script src="../../../../prettify.js"></script>
<script>
window.onload = function () {
        if (typeof prettyPrint === 'function') {
            prettyPrint();
        }
};
</script>
<script src="../../../../sorter.js"></script>
</body>
</html>
