// Jest Snapshot v1, https://goo.gl/fbAQLP

exports[`App component should render as expected 1`] = `
<HashRouter>
  <div
    className="Site"
  >
    <Header />
    <div
      className="header-space"
    />
    <div
      className="container Site-content"
    >
      <Route
        component={[Function]}
        exact={true}
        path="/"
      />
      <Route
        component={[Function]}
        exact={true}
        path="/about"
      />
      <Route
        component={[Function]}
        exact={true}
        path="/joso"
      />
      <Route
        component={[Function]}
        exact={true}
        path="/press"
      />
      <Route
        component={[Function]}
        exact={true}
        path="/blog"
      />
      <Route
        component={[Function]}
        exact={true}
        path="/blog/:id"
      />
      <Route
        component={[Function]}
        exact={true}
        path="/london-athletic"
      />
      <Route
        component={[Function]}
        exact={true}
        path="/contact"
      />
      <Route
        component={[Function]}
        exact={true}
        path="/recent-work"
      />
    </div>
    <Footer />
  </div>
</HashRouter>
`;
