// Jest Snapshot v1, https://goo.gl/fbAQLP

exports[`Blog component should render as expected 1`] = `""`;
