// Jest Snapshot v1, https://goo.gl/fbAQLP

exports[` 1`] = `""`;

exports[`BlogShow component should render as expected 1`] = `""`;
